00:54:30 **** Build of configuration Debug for project empty ****
make all 
Building file: ../workspace_2.1.1/.metadata/.plugins/org.eclipse.cdt.managedbuilder.core/spec.c
Invoking: Cross GCC Compiler
gcc -O0 -g3 -Wall -c -fmessage-length=0 -MMD -MP -MF"workspace_2.1.1/.metadata/.plugins/org.eclipse.cdt.managedbuilder.core/spec.d" -MT"workspace_2.1.1/.metadata/.plugins/org.eclipse.cdt.managedbuilder.core/spec.o" -o "workspace_2.1.1/.metadata/.plugins/org.eclipse.cdt.managedbuilder.core/spec.o" "../workspace_2.1.1/.metadata/.plugins/org.eclipse.cdt.managedbuilder.core/spec.c"
Finished building: ../workspace_2.1.1/.metadata/.plugins/org.eclipse.cdt.managedbuilder.core/spec.c
 
Building file: ../workspace_2.1.1/.metadata/.plugins/org.eclipse.cdt.make.core/specs.c
Invoking: Cross GCC Compiler
gcc -O0 -g3 -Wall -c -fmessage-length=0 -MMD -MP -MF"workspace_2.1.1/.metadata/.plugins/org.eclipse.cdt.make.core/specs.d" -MT"workspace_2.1.1/.metadata/.plugins/org.eclipse.cdt.make.core/specs.o" -o "workspace_2.1.1/.metadata/.plugins/org.eclipse.cdt.make.core/specs.o" "../workspace_2.1.1/.metadata/.plugins/org.eclipse.cdt.make.core/specs.c"
Finished building: ../workspace_2.1.1/.metadata/.plugins/org.eclipse.cdt.make.core/specs.c
 
Building target: empty
Invoking: Cross GCC Linker
gcc  -o "empty" ./workspace_2.1.1/.metadata/.plugins/org.eclipse.cdt.managedbuilder.core/spec.o  ./workspace_2.1.1/.metadata/.plugins/org.eclipse.cdt.make.core/specs.o   
/bin/ld: /usr/lib/gcc/x86_64-linux-gnu/13/../../../x86_64-linux-gnu/Scrt1.o: in function `_start':
(.text+0x1b): undefined reference to `main'
collect2: error: ld returned 1 exit status
make: *** [makefile:44: empty] Error 1
"make all" terminated with exit code 2. Build might be incomplete.
00:54:42 **** Incremental Build of configuration Debug for project empty ****
make all 
Building target: empty
Invoking: Cross GCC Linker
gcc  -o "empty" ./workspace_2.1.1/.metadata/.plugins/org.eclipse.cdt.managedbuilder.core/spec.o  ./workspace_2.1.1/.metadata/.plugins/org.eclipse.cdt.make.core/specs.o   
/bin/ld: /usr/lib/gcc/x86_64-linux-gnu/13/../../../x86_64-linux-gnu/Scrt1.o: in function `_start':
(.text+0x1b): undefined reference to `main'
collect2: error: ld returned 1 exit status
make: *** [makefile:44: empty] Error 1
"make all" terminated with exit code 2. Build might be incomplete.
22:31:49 **** Build of configuration Debug for project blink-led ****
make -j12 all 
arm-none-eabi-gcc -mcpu=cortex-m4 -g3 -DDEBUG -c -x assembler-with-cpp -MMD -MP -MF"Startup/startup_stm32f446retx.d" -MT"Startup/startup_stm32f446retx.o" --specs=nano.specs -mfpu=fpv4-sp-d16 -mfloat-abi=hard -mthumb -o "Startup/startup_stm32f446retx.o" "../Startup/startup_stm32f446retx.s"
arm-none-eabi-gcc "../Src/main.c" -mcpu=cortex-m4 -std=gnu11 -g3 -DDEBUG -DSTM32 -DSTM32F4 -DSTM32F446RETx -DNUCLEO_F446RE -c -I../Inc -O0 -ffunction-sections -fdata-sections -Wall -fstack-usage -fcyclomatic-complexity -MMD -MP -MF"Src/main.d" -MT"Src/main.o" --specs=nano.specs -mfpu=fpv4-sp-d16 -mfloat-abi=hard -mthumb -o "Src/main.o"
arm-none-eabi-gcc "../Src/syscalls.c" -mcpu=cortex-m4 -std=gnu11 -g3 -DDEBUG -DSTM32 -DSTM32F4 -DSTM32F446RETx -DNUCLEO_F446RE -c -I../Inc -O0 -ffunction-sections -fdata-sections -Wall -fstack-usage -fcyclomatic-complexity -MMD -MP -MF"Src/syscalls.d" -MT"Src/syscalls.o" --specs=nano.specs -mfpu=fpv4-sp-d16 -mfloat-abi=hard -mthumb -o "Src/syscalls.o"
arm-none-eabi-gcc "../Src/sysmem.c" -mcpu=cortex-m4 -std=gnu11 -g3 -DDEBUG -DSTM32 -DSTM32F4 -DSTM32F446RETx -DNUCLEO_F446RE -c -I../Inc -O0 -ffunction-sections -fdata-sections -Wall -fstack-usage -fcyclomatic-complexity -MMD -MP -MF"Src/sysmem.d" -MT"Src/sysmem.o" --specs=nano.specs -mfpu=fpv4-sp-d16 -mfloat-abi=hard -mthumb -o "Src/sysmem.o"
../Src/main.c:22:4: warning: #warning "FPU is not initialized, but the project is compiling for an FPU. Please initialize the FPU before use." [-Wcpp]
   22 |   #warning "FPU is not initialized, but the project is compiling for an FPU. Please initialize the FPU before use."
      |    ^~~~~~~
arm-none-eabi-gcc -o "blink-led.elf" @"objects.list"   -mcpu=cortex-m4 -T"/home/sullen/Embedded-Progression/blink-led/STM32F446RETX_FLASH.ld" --specs=nosys.specs -Wl,-Map="blink-led.map" -Wl,--gc-sections -static --specs=nano.specs -mfpu=fpv4-sp-d16 -mfloat-abi=hard -mthumb -Wl,--start-group -lc -lm -Wl,--end-group
Finished building target: blink-led.elf
 
arm-none-eabi-size  blink-led.elf 
arm-none-eabi-objdump -h -S blink-led.elf  > "blink-led.list"
   text	   data	    bss	    dec	    hex	filename
    712	      0	   1568	   2280	    8e8	blink-led.elf
Finished building: default.size.stdout
 
Finished building: blink-led.list
 
22:33:26 **** Incremental Build of configuration Debug for project blink-led ****
make -j12 all 
arm-none-eabi-gcc "../Src/main.c" -mcpu=cortex-m4 -std=gnu11 -g3 -DDEBUG -DSTM32 -DSTM32F4 -DSTM32F446RETx -DNUCLEO_F446RE -c -I../Inc -O0 -ffunction-sections -fdata-sections -Wall -fstack-usage -fcyclomatic-complexity -MMD -MP -MF"Src/main.d" -MT"Src/main.o" --specs=nano.specs -mfpu=fpv4-sp-d16 -mfloat-abi=hard -mthumb -o "Src/main.o"
arm-none-eabi-gcc -o "blink-led.elf" @"objects.list"   -mcpu=cortex-m4 -T"/home/sullen/Embedded-Progression/blink-led/STM32F446RETX_FLASH.ld" --specs=nosys.specs -Wl,-Map="blink-led.map" -Wl,--gc-sections -static --specs=nano.specs -mfpu=fpv4-sp-d16 -mfloat-abi=hard -mthumb -Wl,--start-group -lc -lm -Wl,--end-group
Finished building target: blink-led.elf
 
arm-none-eabi-size  blink-led.elf 
arm-none-eabi-objdump -h -S blink-led.elf  > "blink-led.list"
   text	   data	    bss	    dec	    hex	filename
   4888	     92	   1900	   6880	   1ae0	blink-led.elf
Finished building: default.size.stdout
 
Finished building: blink-led.list
 
22:33:36 **** Incremental Build of configuration Debug for project blink-led ****
make -j12 all 
arm-none-eabi-size  blink-led.elf 
   text	   data	    bss	    dec	    hex	filename
   4888	     92	   1900	   6880	   1ae0	blink-led.elf
Finished building: default.size.stdout
 
22:35:00 **** Incremental Build of configuration Debug for project blink-led ****
make -j12 all 
arm-none-eabi-size  blink-led.elf 
   text	   data	    bss	    dec	    hex	filename
   4888	     92	   1900	   6880	   1ae0	blink-led.elf
Finished building: default.size.stdout
 
22:35:08 **** Incremental Build of configuration Debug for project blink-led ****
make -j12 all 
arm-none-eabi-size  blink-led.elf 
   text	   data	    bss	    dec	    hex	filename
   4888	     92	   1900	   6880	   1ae0	blink-led.elf
Finished building: default.size.stdout
 
22:35:26 **** Incremental Build of configuration Debug for project blink-led ****
make -j12 all 
arm-none-eabi-size  blink-led.elf 
   text	   data	    bss	    dec	    hex	filename
   4888	     92	   1900	   6880	   1ae0	blink-led.elf
Finished building: default.size.stdout
 
22:35:48 **** Incremental Build of configuration Debug for project blink-led ****
make -j12 all 
arm-none-eabi-size  blink-led.elf 
   text	   data	    bss	    dec	    hex	filename
   4888	     92	   1900	   6880	   1ae0	blink-led.elf
Finished building: default.size.stdout
 
22:36:49 **** Incremental Build of configuration Debug for project blink-led ****
make -j12 all 
arm-none-eabi-gcc "../Src/main.c" -mcpu=cortex-m4 -std=gnu11 -g3 -DDEBUG -DSTM32 -DSTM32F4 -DSTM32F446RETx -DNUCLEO_F446RE -c -I../Inc -O0 -ffunction-sections -fdata-sections -Wall -fstack-usage -fcyclomatic-complexity -MMD -MP -MF"Src/main.d" -MT"Src/main.o" --specs=nano.specs -mfpu=fpv4-sp-d16 -mfloat-abi=hard -mthumb -o "Src/main.o"
arm-none-eabi-gcc -o "blink-led.elf" @"objects.list"   -mcpu=cortex-m4 -T"/home/sullen/Embedded-Progression/blink-led/STM32F446RETX_FLASH.ld" --specs=nosys.specs -Wl,-Map="blink-led.map" -Wl,--gc-sections -static --specs=nano.specs -mfpu=fpv4-sp-d16 -mfloat-abi=hard -mthumb -Wl,--start-group -lc -lm -Wl,--end-group
Finished building target: blink-led.elf
 
arm-none-eabi-size  blink-led.elf 
arm-none-eabi-objdump -h -S blink-led.elf  > "blink-led.list"
   text	   data	    bss	    dec	    hex	filename
   5104	     92	   1900	   7096	   1bb8	blink-led.elf
Finished building: default.size.stdout
 
Finished building: blink-led.list
 
18:55:21 **** Incremental Build of configuration Debug for project blink-led ****
make -j12 all 
arm-none-eabi-gcc "../Src/main.c" -mcpu=cortex-m4 -std=gnu11 -g3 -DDEBUG -DSTM32 -DSTM32F4 -DSTM32F446RETx -DNUCLEO_F446RE -c -I../Inc -O0 -ffunction-sections -fdata-sections -Wall -fstack-usage -fcyclomatic-complexity -MMD -MP -MF"Src/main.d" -MT"Src/main.o" --specs=nano.specs -mfpu=fpv4-sp-d16 -mfloat-abi=hard -mthumb -o "Src/main.o"
../Src/main.c: In function 'main':
../Src/main.c:3:17: error: 'RCC' undeclared (first use in this function)
    3 |                 RCC->AHB1ENR |= (1 << 0);
      |                 ^~~
../Src/main.c:3:17: note: each undeclared identifier is reported only once for each function it appears in
../Src/main.c:4:17: error: 'GPIOA' undeclared (first use in this function)
    4 |                 GPIOA->MODER &= ~(0x3 << 10);
      |                 ^~~~~
../Src/main.c:7:17: error: 'GPIO' undeclared (first use in this function)
    7 |                 GPIO->ODR |= (1 << 5);
      |                 ^~~~
make: *** [Src/subdir.mk:25: Src/main.o] Error 1
"make -j12 all" terminated with exit code 2. Build might be incomplete.
18:58:25 **** Incremental Build of configuration Debug for project blink-led ****
make -j12 all 
arm-none-eabi-gcc "../Src/main.c" -mcpu=cortex-m4 -std=gnu11 -g3 -DDEBUG -DSTM32 -DSTM32F4 -DSTM32F446RETx -DNUCLEO_F446RE -c -I../Inc -O0 -ffunction-sections -fdata-sections -Wall -fstack-usage -fcyclomatic-complexity -MMD -MP -MF"Src/main.d" -MT"Src/main.o" --specs=nano.specs -mfpu=fpv4-sp-d16 -mfloat-abi=hard -mthumb -o "Src/main.o"
../Src/main.c:1:23: warning: extra tokens at end of #include directive
    1 | #include "stm32f4xx.h";
      |                       ^
../Src/main.c:1:10: fatal error: stm32f4xx.h: No such file or directory
    1 | #include "stm32f4xx.h";
      |          ^~~~~~~~~~~~~
compilation terminated.
make: *** [Src/subdir.mk:25: Src/main.o] Error 1
"make -j12 all" terminated with exit code 2. Build might be incomplete.
18:59:08 **** Incremental Build of configuration Debug for project blink-led ****
make -j12 all 
arm-none-eabi-gcc "../Src/main.c" -mcpu=cortex-m4 -std=gnu11 -g3 -DDEBUG -DSTM32 -DSTM32F4 -DSTM32F446RETx -DNUCLEO_F446RE -c -I../Inc -O0 -ffunction-sections -fdata-sections -Wall -fstack-usage -fcyclomatic-complexity -MMD -MP -MF"Src/main.d" -MT"Src/main.o" --specs=nano.specs -mfpu=fpv4-sp-d16 -mfloat-abi=hard -mthumb -o "Src/main.o"
../Src/main.c:1:10: fatal error: stm32f4xx.h: No such file or directory
    1 | #include "stm32f4xx.h"
      |          ^~~~~~~~~~~~~
compilation terminated.
make: *** [Src/subdir.mk:25: Src/main.o] Error 1
"make -j12 all" terminated with exit code 2. Build might be incomplete.
18:59:14 **** Incremental Build of configuration Debug for project blink-led ****
make -j12 all 
arm-none-eabi-gcc "../Src/main.c" -mcpu=cortex-m4 -std=gnu11 -g3 -DDEBUG -DSTM32 -DSTM32F4 -DSTM32F446RETx -DNUCLEO_F446RE -c -I../Inc -O0 -ffunction-sections -fdata-sections -Wall -fstack-usage -fcyclomatic-complexity -MMD -MP -MF"Src/main.d" -MT"Src/main.o" --specs=nano.specs -mfpu=fpv4-sp-d16 -mfloat-abi=hard -mthumb -o "Src/main.o"
../Src/main.c:1:23: warning: extra tokens at end of #include directive
    1 | #include "stm32f4xx.h";
      |                       ^
../Src/main.c:1:10: fatal error: stm32f4xx.h: No such file or directory
    1 | #include "stm32f4xx.h";
      |          ^~~~~~~~~~~~~
compilation terminated.
make: *** [Src/subdir.mk:25: Src/main.o] Error 1
"make -j12 all" terminated with exit code 2. Build might be incomplete.
18:59:37 **** Incremental Build of configuration Debug for project blink-led ****
make -j12 all 
arm-none-eabi-gcc "../Src/main.c" -mcpu=cortex-m4 -std=gnu11 -g3 -DDEBUG -DSTM32 -DSTM32F4 -DSTM32F446RETx -DNUCLEO_F446RE -c -I../Inc -O0 -ffunction-sections -fdata-sections -Wall -fstack-usage -fcyclomatic-complexity -MMD -MP -MF"Src/main.d" -MT"Src/main.o" --specs=nano.specs -mfpu=fpv4-sp-d16 -mfloat-abi=hard -mthumb -o "Src/main.o"
../Src/main.c:1:10: fatal error: stm32f4xx.h: No such file or directory
    1 | #include "stm32f4xx.h"
      |          ^~~~~~~~~~~~~
compilation terminated.
make: *** [Src/subdir.mk:25: Src/main.o] Error 1
"make -j12 all" terminated with exit code 2. Build might be incomplete.
19:00:44 **** Incremental Build of configuration Debug for project blink-led ****
make -j12 all 
arm-none-eabi-gcc "../Src/main.c" -mcpu=cortex-m4 -std=gnu11 -g3 -DDEBUG -DSTM32 -DSTM32F4 -DSTM32F446RETx -DNUCLEO_F446RE -c -I../Inc -O0 -ffunction-sections -fdata-sections -Wall -fstack-usage -fcyclomatic-complexity -MMD -MP -MF"Src/main.d" -MT"Src/main.o" --specs=nano.specs -mfpu=fpv4-sp-d16 -mfloat-abi=hard -mthumb -o "Src/main.o"
../Src/main.c:1:10: fatal error: stm32f4xx.h: No such file or directory
    1 | #include "stm32f4xx.h"
      |          ^~~~~~~~~~~~~
compilation terminated.
make: *** [Src/subdir.mk:25: Src/main.o] Error 1
"make -j12 all" terminated with exit code 2. Build might be incomplete.
19:02:52 **** Incremental Build of configuration Debug for project blink-led ****
make -j12 all 
arm-none-eabi-gcc "../Src/main.c" -mcpu=cortex-m4 -std=gnu11 -g3 -DDEBUG -DSTM32 -DSTM32F4 -DSTM32F446RETx -DNUCLEO_F446RE -c -I../Inc -O0 -ffunction-sections -fdata-sections -Wall -fstack-usage -fcyclomatic-complexity -MMD -MP -MF"Src/main.d" -MT"Src/main.o" --specs=nano.specs -mfpu=fpv4-sp-d16 -mfloat-abi=hard -mthumb -o "Src/main.o"
../Src/main.c:1:10: fatal error: stm32f4xx.h: No such file or directory
    1 | #include "stm32f4xx.h"
      |          ^~~~~~~~~~~~~
compilation terminated.
make: *** [Src/subdir.mk:25: Src/main.o] Error 1
"make -j12 all" terminated with exit code 2. Build might be incomplete.
19:59:15 **** Build of configuration Debug for project LED_Blink ****
make -j12 all 
arm-none-eabi-gcc -mcpu=cortex-m4 -g3 -DDEBUG -c -x assembler-with-cpp -MMD -MP -MF"Startup/startup_stm32f446retx.d" -MT"Startup/startup_stm32f446retx.o" --specs=nano.specs -mfpu=fpv4-sp-d16 -mfloat-abi=hard -mthumb -o "Startup/startup_stm32f446retx.o" "../Startup/startup_stm32f446retx.s"
arm-none-eabi-gcc "../Src/main.c" -mcpu=cortex-m4 -std=gnu11 -g3 -DDEBUG -DSTM32 -DSTM32F4 -DSTM32F446RETx -DNUCLEO_F446RE -c -I../Inc -O0 -ffunction-sections -fdata-sections -Wall -fstack-usage -fcyclomatic-complexity -MMD -MP -MF"Src/main.d" -MT"Src/main.o" --specs=nano.specs -mfpu=fpv4-sp-d16 -mfloat-abi=hard -mthumb -o "Src/main.o"
arm-none-eabi-gcc "../Src/syscalls.c" -mcpu=cortex-m4 -std=gnu11 -g3 -DDEBUG -DSTM32 -DSTM32F4 -DSTM32F446RETx -DNUCLEO_F446RE -c -I../Inc -O0 -ffunction-sections -fdata-sections -Wall -fstack-usage -fcyclomatic-complexity -MMD -MP -MF"Src/syscalls.d" -MT"Src/syscalls.o" --specs=nano.specs -mfpu=fpv4-sp-d16 -mfloat-abi=hard -mthumb -o "Src/syscalls.o"
arm-none-eabi-gcc "../Src/sysmem.c" -mcpu=cortex-m4 -std=gnu11 -g3 -DDEBUG -DSTM32 -DSTM32F4 -DSTM32F446RETx -DNUCLEO_F446RE -c -I../Inc -O0 -ffunction-sections -fdata-sections -Wall -fstack-usage -fcyclomatic-complexity -MMD -MP -MF"Src/sysmem.d" -MT"Src/sysmem.o" --specs=nano.specs -mfpu=fpv4-sp-d16 -mfloat-abi=hard -mthumb -o "Src/sysmem.o"
../Src/main.c:22:4: warning: #warning "FPU is not initialized, but the project is compiling for an FPU. Please initialize the FPU before use." [-Wcpp]
   22 |   #warning "FPU is not initialized, but the project is compiling for an FPU. Please initialize the FPU before use."
      |    ^~~~~~~
arm-none-eabi-gcc -o "LED_Blink.elf" @"objects.list"   -mcpu=cortex-m4 -T"/home/sullen/Embedded-Progression/LED_Blink/STM32F446RETX_FLASH.ld" --specs=nosys.specs -Wl,-Map="LED_Blink.map" -Wl,--gc-sections -static --specs=nano.specs -mfpu=fpv4-sp-d16 -mfloat-abi=hard -mthumb -Wl,--start-group -lc -lm -Wl,--end-group
Finished building target: LED_Blink.elf
 
arm-none-eabi-size  LED_Blink.elf 
arm-none-eabi-objdump -h -S LED_Blink.elf  > "LED_Blink.list"
   text	   data	    bss	    dec	    hex	filename
    712	      0	   1568	   2280	    8e8	LED_Blink.elf
Finished building: default.size.stdout
 
Finished building: LED_Blink.list
 
19:59:20 **** Incremental Build of configuration Debug for project LED_Blink ****
make -j12 all 
arm-none-eabi-gcc "../Src/main.c" -mcpu=cortex-m4 -std=gnu11 -g3 -DDEBUG -DSTM32 -DSTM32F4 -DSTM32F446RETx -DNUCLEO_F446RE -c -I../Inc -O0 -ffunction-sections -fdata-sections -Wall -fstack-usage -fcyclomatic-complexity -MMD -MP -MF"Src/main.d" -MT"Src/main.o" --specs=nano.specs -mfpu=fpv4-sp-d16 -mfloat-abi=hard -mthumb -o "Src/main.o"
../Src/main.c:1:10: fatal error: stm32f4xx.h: No such file or directory
    1 | #include "stm32f4xx.h"
      |          ^~~~~~~~~~~~~
compilation terminated.
make: *** [Src/subdir.mk:25: Src/main.o] Error 1
"make -j12 all" terminated with exit code 2. Build might be incomplete.
19:59:39 **** Incremental Build of configuration Debug for project LED_Blink ****
make -j12 all 
arm-none-eabi-gcc "../Src/main.c" -mcpu=cortex-m4 -std=gnu11 -g3 -DDEBUG -DSTM32 -DSTM32F4 -DSTM32F446RETx -DNUCLEO_F446RE -c -I../Inc -O0 -ffunction-sections -fdata-sections -Wall -fstack-usage -fcyclomatic-complexity -MMD -MP -MF"Src/main.d" -MT"Src/main.o" --specs=nano.specs -mfpu=fpv4-sp-d16 -mfloat-abi=hard -mthumb -o "Src/main.o"
../Src/main.c:1:10: fatal error: stm32f4xx.h: No such file or directory
    1 | #include "stm32f4xx.h"
      |          ^~~~~~~~~~~~~
compilation terminated.
make: *** [Src/subdir.mk:25: Src/main.o] Error 1
"make -j12 all" terminated with exit code 2. Build might be incomplete.
20:01:53 **** Incremental Build of configuration Debug for project LED_Blink ****
make -j12 all 
arm-none-eabi-gcc "../Src/main.c" -mcpu=cortex-m4 -std=gnu11 -g3 -DDEBUG -DSTM32 -DSTM32F4 -DSTM32F446RETx -DNUCLEO_F446RE -c -I../Inc -O0 -ffunction-sections -fdata-sections -Wall -fstack-usage -fcyclomatic-complexity -MMD -MP -MF"Src/main.d" -MT"Src/main.o" --specs=nano.specs -mfpu=fpv4-sp-d16 -mfloat-abi=hard -mthumb -o "Src/main.o"
In file included from ../Src/main.c:1:
../Inc/stm32f4xx.h:174:2: error: #error "Please select first the target STM32F4xx device used in your application (in stm32f4xx.h file)"
  174 | #error "Please select first the target STM32F4xx device used in your application (in stm32f4xx.h file)"
      |  ^~~~~
make: *** [Src/subdir.mk:25: Src/main.o] Error 1
"make -j12 all" terminated with exit code 2. Build might be incomplete.
20:02:21 **** Incremental Build of configuration Debug for project LED_Blink ****
make -j12 all 
arm-none-eabi-gcc "../Src/main.c" -mcpu=cortex-m4 -std=gnu11 -g3 -DDEBUG -DSTM32 -DSTM32F4 -DSTM32F446RETx -DNUCLEO_F446RE -c -I../Inc -O0 -ffunction-sections -fdata-sections -Wall -fstack-usage -fcyclomatic-complexity -MMD -MP -MF"Src/main.d" -MT"Src/main.o" --specs=nano.specs -mfpu=fpv4-sp-d16 -mfloat-abi=hard -mthumb -o "Src/main.o"
In file included from ../Src/main.c:1:
../Inc/stm32f4xx.h:174:2: error: #error "Please select first the target STM32F4xx device used in your application (in stm32f4xx.h file)"
  174 | #error "Please select first the target STM32F4xx device used in your application (in stm32f4xx.h file)"
      |  ^~~~~
make: *** [Src/subdir.mk:25: Src/main.o] Error 1
"make -j12 all" terminated with exit code 2. Build might be incomplete.
20:03:36 **** Incremental Build of configuration Debug for project LED_Blink ****
make -j12 all 
arm-none-eabi-gcc "../Src/main.c" -mcpu=cortex-m4 -std=gnu11 -g3 -DDEBUG -DSTM32 -DSTM32F4 -DSTM32F446RETx -DNUCLEO_F446RE -c -I../Inc -O0 -ffunction-sections -fdata-sections -Wall -fstack-usage -fcyclomatic-complexity -MMD -MP -MF"Src/main.d" -MT"Src/main.o" --specs=nano.specs -mfpu=fpv4-sp-d16 -mfloat-abi=hard -mthumb -o "Src/main.o"
../Src/main.c:1:10: fatal error: stm32f446re.h: No such file or directory
    1 | #include "stm32f446re.h"
      |          ^~~~~~~~~~~~~~~
compilation terminated.
make: *** [Src/subdir.mk:25: Src/main.o] Error 1
"make -j12 all" terminated with exit code 2. Build might be incomplete.
20:03:48 **** Incremental Build of configuration Debug for project LED_Blink ****
make -j12 all 
arm-none-eabi-gcc "../Src/main.c" -mcpu=cortex-m4 -std=gnu11 -g3 -DDEBUG -DSTM32 -DSTM32F4 -DSTM32F446RETx -DNUCLEO_F446RE -c -I../Inc -O0 -ffunction-sections -fdata-sections -Wall -fstack-usage -fcyclomatic-complexity -MMD -MP -MF"Src/main.d" -MT"Src/main.o" --specs=nano.specs -mfpu=fpv4-sp-d16 -mfloat-abi=hard -mthumb -o "Src/main.o"
../Src/main.c:1:10: fatal error: stm32f44xx.h: No such file or directory
    1 | #include "stm32f44xx.h"
      |          ^~~~~~~~~~~~~~
compilation terminated.
make: *** [Src/subdir.mk:25: Src/main.o] Error 1
"make -j12 all" terminated with exit code 2. Build might be incomplete.
20:03:58 **** Incremental Build of configuration Debug for project LED_Blink ****
make -j12 all 
arm-none-eabi-gcc "../Src/main.c" -mcpu=cortex-m4 -std=gnu11 -g3 -DDEBUG -DSTM32 -DSTM32F4 -DSTM32F446RETx -DNUCLEO_F446RE -c -I../Inc -O0 -ffunction-sections -fdata-sections -Wall -fstack-usage -fcyclomatic-complexity -MMD -MP -MF"Src/main.d" -MT"Src/main.o" --specs=nano.specs -mfpu=fpv4-sp-d16 -mfloat-abi=hard -mthumb -o "Src/main.o"
In file included from ../Src/main.c:1:
../Inc/stm32f4xx.h:174:2: error: #error "Please select first the target STM32F4xx device used in your application (in stm32f4xx.h file)"
  174 | #error "Please select first the target STM32F4xx device used in your application (in stm32f4xx.h file)"
      |  ^~~~~
make: *** [Src/subdir.mk:25: Src/main.o] Error 1
"make -j12 all" terminated with exit code 2. Build might be incomplete.
20:07:41 **** Incremental Build of configuration Debug for project LED_Blink ****
make -j12 all 
arm-none-eabi-gcc "../Src/main.c" -mcpu=cortex-m4 -std=gnu11 -g3 -DDEBUG -DSTM32 -DSTM32F4 -DSTM32F446RETx -DNUCLEO_F446RE -USTM32F446XX -c -I../Inc -O0 -ffunction-sections -fdata-sections -Wall -fstack-usage -fcyclomatic-complexity -MMD -MP -MF"Src/main.d" -MT"Src/main.o" --specs=nano.specs -mfpu=fpv4-sp-d16 -mfloat-abi=hard -mthumb -o "Src/main.o"
arm-none-eabi-gcc "../Src/syscalls.c" -mcpu=cortex-m4 -std=gnu11 -g3 -DDEBUG -DSTM32 -DSTM32F4 -DSTM32F446RETx -DNUCLEO_F446RE -USTM32F446XX -c -I../Inc -O0 -ffunction-sections -fdata-sections -Wall -fstack-usage -fcyclomatic-complexity -MMD -MP -MF"Src/syscalls.d" -MT"Src/syscalls.o" --specs=nano.specs -mfpu=fpv4-sp-d16 -mfloat-abi=hard -mthumb -o "Src/syscalls.o"
arm-none-eabi-gcc "../Src/sysmem.c" -mcpu=cortex-m4 -std=gnu11 -g3 -DDEBUG -DSTM32 -DSTM32F4 -DSTM32F446RETx -DNUCLEO_F446RE -USTM32F446XX -c -I../Inc -O0 -ffunction-sections -fdata-sections -Wall -fstack-usage -fcyclomatic-complexity -MMD -MP -MF"Src/sysmem.d" -MT"Src/sysmem.o" --specs=nano.specs -mfpu=fpv4-sp-d16 -mfloat-abi=hard -mthumb -o "Src/sysmem.o"
In file included from ../Src/main.c:1:
../Inc/stm32f4xx.h:174:2: error: #error "Please select first the target STM32F4xx device used in your application (in stm32f4xx.h file)"
  174 | #error "Please select first the target STM32F4xx device used in your application (in stm32f4xx.h file)"
      |  ^~~~~
make: *** [Src/subdir.mk:25: Src/main.o] Error 1
make: *** Waiting for unfinished jobs....
"make -j12 all" terminated with exit code 2. Build might be incomplete.
20:08:45 **** Incremental Build of configuration Debug for project LED_Blink ****
make -j12 all 
arm-none-eabi-gcc "../Src/main.c" -mcpu=cortex-m4 -std=gnu11 -g3 -DDEBUG -DSTM32 -DSTM32F4 -DSTM32F446RETx -DNUCLEO_F446RE -USTM32F446xx -c -I../Inc -O0 -ffunction-sections -fdata-sections -Wall -fstack-usage -fcyclomatic-complexity -MMD -MP -MF"Src/main.d" -MT"Src/main.o" --specs=nano.specs -mfpu=fpv4-sp-d16 -mfloat-abi=hard -mthumb -o "Src/main.o"
arm-none-eabi-gcc "../Src/syscalls.c" -mcpu=cortex-m4 -std=gnu11 -g3 -DDEBUG -DSTM32 -DSTM32F4 -DSTM32F446RETx -DNUCLEO_F446RE -USTM32F446xx -c -I../Inc -O0 -ffunction-sections -fdata-sections -Wall -fstack-usage -fcyclomatic-complexity -MMD -MP -MF"Src/syscalls.d" -MT"Src/syscalls.o" --specs=nano.specs -mfpu=fpv4-sp-d16 -mfloat-abi=hard -mthumb -o "Src/syscalls.o"
arm-none-eabi-gcc "../Src/sysmem.c" -mcpu=cortex-m4 -std=gnu11 -g3 -DDEBUG -DSTM32 -DSTM32F4 -DSTM32F446RETx -DNUCLEO_F446RE -USTM32F446xx -c -I../Inc -O0 -ffunction-sections -fdata-sections -Wall -fstack-usage -fcyclomatic-complexity -MMD -MP -MF"Src/sysmem.d" -MT"Src/sysmem.o" --specs=nano.specs -mfpu=fpv4-sp-d16 -mfloat-abi=hard -mthumb -o "Src/sysmem.o"
In file included from ../Src/main.c:1:
../Inc/stm32f4xx.h:174:2: error: #error "Please select first the target STM32F4xx device used in your application (in stm32f4xx.h file)"
  174 | #error "Please select first the target STM32F4xx device used in your application (in stm32f4xx.h file)"
      |  ^~~~~
make: *** [Src/subdir.mk:25: Src/main.o] Error 1
make: *** Waiting for unfinished jobs....
"make -j12 all" terminated with exit code 2. Build might be incomplete.
20:09:21 **** Incremental Build of configuration Debug for project LED_Blink ****
make -j12 all 
arm-none-eabi-gcc "../Src/main.c" -mcpu=cortex-m4 -std=gnu11 -g3 -DDEBUG -DSTM32F446xx -DSTM32 -DSTM32F4 -DSTM32F446RETx -DNUCLEO_F446RE -c -I../Inc -O0 -ffunction-sections -fdata-sections -Wall -fstack-usage -fcyclomatic-complexity -MMD -MP -MF"Src/main.d" -MT"Src/main.o" --specs=nano.specs -mfpu=fpv4-sp-d16 -mfloat-abi=hard -mthumb -o "Src/main.o"
arm-none-eabi-gcc "../Src/syscalls.c" -mcpu=cortex-m4 -std=gnu11 -g3 -DDEBUG -DSTM32F446xx -DSTM32 -DSTM32F4 -DSTM32F446RETx -DNUCLEO_F446RE -c -I../Inc -O0 -ffunction-sections -fdata-sections -Wall -fstack-usage -fcyclomatic-complexity -MMD -MP -MF"Src/syscalls.d" -MT"Src/syscalls.o" --specs=nano.specs -mfpu=fpv4-sp-d16 -mfloat-abi=hard -mthumb -o "Src/syscalls.o"
arm-none-eabi-gcc "../Src/sysmem.c" -mcpu=cortex-m4 -std=gnu11 -g3 -DDEBUG -DSTM32F446xx -DSTM32 -DSTM32F4 -DSTM32F446RETx -DNUCLEO_F446RE -c -I../Inc -O0 -ffunction-sections -fdata-sections -Wall -fstack-usage -fcyclomatic-complexity -MMD -MP -MF"Src/sysmem.d" -MT"Src/sysmem.o" --specs=nano.specs -mfpu=fpv4-sp-d16 -mfloat-abi=hard -mthumb -o "Src/sysmem.o"
In file included from ../Inc/stm32f446xx.h:169,
                 from ../Inc/stm32f4xx.h:156,
                 from ../Src/main.c:1:
../Inc/core_cm4.h:1960:10: fatal error: mpu_armv7.h: No such file or directory
 1960 | #include "mpu_armv7.h"
      |          ^~~~~~~~~~~~~
compilation terminated.
make: *** [Src/subdir.mk:25: Src/main.o] Error 1
make: *** Waiting for unfinished jobs....
"make -j12 all" terminated with exit code 2. Build might be incomplete.
20:11:09 **** Incremental Build of configuration Debug for project LED_Blink ****
make -j12 all 
arm-none-eabi-gcc "../Src/main.c" -mcpu=cortex-m4 -std=gnu11 -g3 -DDEBUG -DSTM32F446xx -DSTM32 -DSTM32F4 -DSTM32F446RETx -DNUCLEO_F446RE -c -I../Inc -O0 -ffunction-sections -fdata-sections -Wall -fstack-usage -fcyclomatic-complexity -MMD -MP -MF"Src/main.d" -MT"Src/main.o" --specs=nano.specs -mfpu=fpv4-sp-d16 -mfloat-abi=hard -mthumb -o "Src/main.o"
arm-none-eabi-gcc -o "LED_Blink.elf" @"objects.list"   -mcpu=cortex-m4 -T"/home/sullen/Embedded-Progression/LED_Blink/STM32F446RETX_FLASH.ld" --specs=nosys.specs -Wl,-Map="LED_Blink.map" -Wl,--gc-sections -static --specs=nano.specs -mfpu=fpv4-sp-d16 -mfloat-abi=hard -mthumb -Wl,--start-group -lc -lm -Wl,--end-group
Finished building target: LED_Blink.elf
 
arm-none-eabi-size  LED_Blink.elf 
arm-none-eabi-objdump -h -S LED_Blink.elf  > "LED_Blink.list"
   text	   data	    bss	    dec	    hex	filename
    720	      0	   1568	   2288	    8f0	LED_Blink.elf
Finished building: default.size.stdout
 
Finished building: LED_Blink.list
 
20:33:17 **** Incremental Build of configuration Debug for project LED_Blink ****
make -j12 all 
arm-none-eabi-gcc "../Src/main.c" -mcpu=cortex-m4 -std=gnu11 -g3 -DDEBUG -DSTM32F446xx -DSTM32 -DSTM32F4 -DSTM32F446RETx -DNUCLEO_F446RE -c -I../Inc -O0 -ffunction-sections -fdata-sections -Wall -fstack-usage -fcyclomatic-complexity -MMD -MP -MF"Src/main.d" -MT"Src/main.o" --specs=nano.specs -mfpu=fpv4-sp-d16 -mfloat-abi=hard -mthumb -o "Src/main.o"
arm-none-eabi-gcc -o "LED_Blink.elf" @"objects.list"   -mcpu=cortex-m4 -T"/home/sullen/Embedded-Progression/LED_Blink/STM32F446RETX_FLASH.ld" --specs=nosys.specs -Wl,-Map="LED_Blink.map" -Wl,--gc-sections -static --specs=nano.specs -mfpu=fpv4-sp-d16 -mfloat-abi=hard -mthumb -Wl,--start-group -lc -lm -Wl,--end-group
Finished building target: LED_Blink.elf
 
arm-none-eabi-size  LED_Blink.elf 
arm-none-eabi-objdump -h -S LED_Blink.elf  > "LED_Blink.list"
   text	   data	    bss	    dec	    hex	filename
    824	      0	   1568	   2392	    958	LED_Blink.elf
Finished building: default.size.stdout
 
Finished building: LED_Blink.list
 
20:33:27 **** Incremental Build of configuration Debug for project LED_Blink ****
make -j12 all 
arm-none-eabi-size  LED_Blink.elf 
   text	   data	    bss	    dec	    hex	filename
    824	      0	   1568	   2392	    958	LED_Blink.elf
Finished building: default.size.stdout
 
20:33:47 **** Incremental Build of configuration Debug for project LED_Blink ****
make -j12 all 
arm-none-eabi-size  LED_Blink.elf 
   text	   data	    bss	    dec	    hex	filename
    824	      0	   1568	   2392	    958	LED_Blink.elf
Finished building: default.size.stdout
 
20:34:02 **** Incremental Build of configuration Debug for project LED_Blink ****
make -j12 all 
arm-none-eabi-size  LED_Blink.elf 
   text	   data	    bss	    dec	    hex	filename
    824	      0	   1568	   2392	    958	LED_Blink.elf
Finished building: default.size.stdout
 
20:35:01 **** Incremental Build of configuration Debug for project LED_Blink ****
make -j12 all 
arm-none-eabi-size  LED_Blink.elf 
   text	   data	    bss	    dec	    hex	filename
    824	      0	   1568	   2392	    958	LED_Blink.elf
Finished building: default.size.stdout
 
20:35:05 **** Incremental Build of configuration Debug for project LED_Blink ****
make -j12 all 
arm-none-eabi-size  LED_Blink.elf 
   text	   data	    bss	    dec	    hex	filename
    824	      0	   1568	   2392	    958	LED_Blink.elf
Finished building: default.size.stdout
 
